target datalayout = "e-m:e-i64:64-f80:128-n8:16:32:64-S128"
target triple = "x86_64-unknown-linux-gnu"
@a = global i32 0
define i32 @foo(i32 %x) {
0:
	%1 = alloca i32
	%2 = alloca i32
	store i32 %x, i32* %2
	%3 = load i32, i32* %1
	ret i32 %3
}
define i32 @main() {
0:
	%1 = load i32, i32* @a
	%2 = call i32 @foo(i32 %1)
	store i32 %2, i32* @a
	ret i32 0
}
