target datalayout = "e-m:e-i64:64-f80:128-n8:16:32:64-S128"
target triple = "x86_64-unknown-linux-gnu"
define i32 @main() {
0:
	%x = alloca i32
	%y = alloca i32
	%z = alloca i32
	%1 = load i32, i32* %x
	%2 = load i32, i32* %y
	%3 = sub i32 %1, %2
	%4 = load i32, i32* %z
	%5 = sub i32 %3, %4
	%6 = sub i32 %5, 42
	%7 = load i32, i32* %x
	%8 = icmp ne i32 %7, 0
	%9 = xor i1 %8, true
	%10 = zext i1 %9 to i32
	%11 = load i32, i32* %y
	%12 = mul i32 %10, %11
	%13 = load i32, i32* %z
	%14 = add i32 %12, %13
	%15 = load i32, i32* %x
	%16 = icmp slt i32 %14, %15
	%17 = zext i1 %16 to i32
	%18 = load i32, i32* %x
	%19 = load i32, i32* %y
	%20 = load i32, i32* %x
	%21 = icmp ne i32 %20, 0
	%22 = xor i1 %21, true
	%23 = zext i1 %22 to i32
	%24 = mul i32 %19, %23
	%25 = add i32 %18, %24
	%26 = icmp slt i32 42, %25
	%27 = zext i1 %26 to i32
	%28 = icmp ne i32 %17, %27
	%29 = zext i1 %28 to i32
	ret i32 0
}
