target datalayout = "e-m:e-i64:64-f80:128-n8:16:32:64-S128"
target triple = "x86_64-unknown-linux-gnu"
define i32 @main() {
0:
	%s = alloca [27 x i8]
	%t = alloca i8
	%1 = load i8, i8* %t
	%2 = sext i8 %1 to i32
	%3 = add i32 97, %2
	%4 = trunc i32 %3 to i8
	%5 = getelementptr [27 x i8], [27 x i8]* %s, i32 0, i64 0
	store i8 %4, i8* %5
	ret i32 0
}
