@g1 = global i32 42

@g2 = global i32 -42

@g3 = global double 42.0

@g4 = global double 42.0

@g5 = global double -42.0

@g6 = global double 42.0

@g7 = global double 42.0

@g8 = global double -42.0

@g9 = global double 42.0

@g10 = global double 42.0

@g11 = global double 42.0

@g12 = global double 42.0

@g13 = global double 42.0

@g14 = global double 42.0

@g15 = global double 42.0

@g16 = global double 42.0

@g17 = global double 42.0

@g18 = global double 42.0

@g19 = global double 42.0

@g20 = global double 42.0

@g21 = global double -42.0

@g22 = global double -42.0

@g23 = global double -42.0

@g24 = global double -42.0

@g25 = global double -42.0

@g26 = global double -42.0

@g27 = global double 0.0

@g28 = global x86_fp80 0xK00000000000000000000

@g31 = global half 0.0

@g32 = global i32* null

@g33 = global i32** @g32

@g34 = global void ()* @f1

@g35 = global <1 x i32> <i32 42>

@g36 = global <2 x i32> <i32 42, i32 11>

@g37 = global [0 x i32] []

@g38 = global [1 x i32] [i32 42]

@g39 = global [2 x i32] [i32 42, i32 11]

@g40 = global [0 x i8] c""

@g41 = global [1 x i8] c"f"

@g42 = global [2 x i8] c"fo"

@g43 = global [3 x i8] c"foo"

@g44 = global {} {}

@g45 = global { i32 } { i32 42 }

@g46 = global { i32, i32 } { i32 42, i32 42 }

@g47 = global { i32, { i8 } } { i32 42, { i8 } { i8 42 } }

@g48 = global {} {}

@g49 = global { i32, i8, i32 } { i32 42, i8 5, i32 11 }

@g50 = global { i32, i8, { i32, i32 }, i8 } zeroinitializer

@g51 = global i8* undef

define void @f1() {
; <label>:0
	ret void
}
