define i8 @trunc_1() {
; <label>:0
	%result = trunc i32 298 to i8
	ret i8 %result
}

define i8 @trunc_2() {
; <label>:0
	%result = trunc i32 298 to i8, !baz !{!"qux"}, !foo !{!"bar"}
	ret i8 %result
}

define i32 @zext_1() {
; <label>:0
	%result = zext i8 42 to i32
	ret i32 %result
}

define i32 @zext_2() {
; <label>:0
	%result = zext i8 42 to i32, !baz !{!"qux"}, !foo !{!"bar"}
	ret i32 %result
}

define i32 @sext_1() {
; <label>:0
	%result = sext i8 -42 to i32
	ret i32 %result
}

define i32 @sext_2() {
; <label>:0
	%result = sext i8 -42 to i32, !baz !{!"qux"}, !foo !{!"bar"}
	ret i32 %result
}

define float @fptrunc_1() {
; <label>:0
	%result = fptrunc double 42.0 to float
	ret float %result
}

define float @fptrunc_2() {
; <label>:0
	%result = fptrunc double 42.0 to float, !baz !{!"qux"}, !foo !{!"bar"}
	ret float %result
}

define double @fpext_1() {
; <label>:0
	%result = fpext float 42.0 to double
	ret double %result
}

define double @fpext_2() {
; <label>:0
	%result = fpext float 42.0 to double, !baz !{!"qux"}, !foo !{!"bar"}
	ret double %result
}

define i32 @fptoui_1() {
; <label>:0
	%result = fptoui double 42.0 to i32
	ret i32 %result
}

define i32 @fptoui_2() {
; <label>:0
	%result = fptoui double 42.0 to i32, !baz !{!"qux"}, !foo !{!"bar"}
	ret i32 %result
}

define i32 @fptosi_1() {
; <label>:0
	%result = fptosi double -42.0 to i32
	ret i32 %result
}

define i32 @fptosi_2() {
; <label>:0
	%result = fptosi double -42.0 to i32, !baz !{!"qux"}, !foo !{!"bar"}
	ret i32 %result
}

define double @uitofp_1() {
; <label>:0
	%result = uitofp i32 42 to double
	ret double %result
}

define double @uitofp_2() {
; <label>:0
	%result = uitofp i32 42 to double, !baz !{!"qux"}, !foo !{!"bar"}
	ret double %result
}

define double @sitofp_1() {
; <label>:0
	%result = sitofp i32 -42 to double
	ret double %result
}

define double @sitofp_2() {
; <label>:0
	%result = sitofp i32 -42 to double, !baz !{!"qux"}, !foo !{!"bar"}
	ret double %result
}

define i64 @ptrtoint_1() {
; <label>:0
	%result = ptrtoint i8* null to i64
	ret i64 %result
}

define i64 @ptrtoint_2(i8* %x) {
; <label>:0
	%result = ptrtoint i8* %x to i64
	ret i64 %result
}

define i64 @ptrtoint_3() {
; <label>:0
	%result = ptrtoint i64 ()* @ptrtoint_3 to i64
	ret i64 %result
}

define i64 @ptrtoint_4() {
; <label>:0
	%result = ptrtoint i8* null to i64, !baz !{!"qux"}, !foo !{!"bar"}
	ret i64 %result
}

define i8* @inttoptr_1() {
; <label>:0
	%result = inttoptr i32 0 to i8*
	ret i8* %result
}

define i8* @inttoptr_2() {
; <label>:0
	%result = inttoptr i32 0 to i8*, !baz !{!"qux"}, !foo !{!"bar"}
	ret i8* %result
}

define <4 x i8> @bitcast_1() {
; <label>:0
	%result = bitcast i32 707406378 to <4 x i8>
	ret <4 x i8> %result
}

define <4 x i8> @bitcast_2() {
; <label>:0
	%result = bitcast i32 707406378 to <4 x i8>, !baz !{!"qux"}, !foo !{!"bar"}
	ret <4 x i8> %result
}

define i8* @addrspacecast_1() {
; <label>:0
	%result = addrspacecast i8* null to i8*
	ret i8* %result
}

define i8* @addrspacecast_2() {
; <label>:0
	%result = addrspacecast i8* null to i8*, !baz !{!"qux"}, !foo !{!"bar"}
	ret i8* %result
}
