define i32 @ret_1() {
; <label>:0
	ret i32 42
}

define void @ret_2() {
; <label>:0
	ret void
}

define i32 @ret_3() {
; <label>:0
	ret i32 42, !baz !{!"qux"}, !foo !{!"bar"}
}

define void @br_1() {
; <label>:0
	br label %foo
foo:
	ret void
}

define void @br_2() {
; <label>:0
	br label %foo, !baz !{!"qux"}, !foo !{!"bar"}
foo:
	ret void
}

define void @br_3(i1 %cond) {
; <label>:0
	br i1 %cond, label %foo, label %bar
foo:
	ret void
bar:
	ret void
}

define void @br_4(i1 %cond) {
; <label>:0
	br i1 %cond, label %foo, label %bar, !baz !{!"qux"}, !foo !{!"bar"}
foo:
	ret void
bar:
	ret void
}

define void @switch_1() {
; <label>:0
	switch i32 1, label %default [
	]
default:
	ret void
}

define void @switch_2() {
; <label>:0
	switch i32 2, label %default [
		i32 1, label %case1
		i32 2, label %case2
		i32 3, label %case3
	]
default:
	ret void
case1:
	ret void
case2:
	ret void
case3:
	ret void
}

define void @switch_3() {
; <label>:0
	switch i32 2, label %default [
		i32 1, label %case1
		i32 2, label %case2
		i32 3, label %case3
	], !baz !{!"qux"}, !foo !{!"bar"}
default:
	ret void
case1:
	ret void
case2:
	ret void
case3:
	ret void
}

define void @unreachable_1() {
; <label>:0
	unreachable
}

define void @unreachable_2() {
; <label>:0
	unreachable, !baz !{!"qux"}, !foo !{!"bar"}
}
