target datalayout = "e-m:e-i64:64-f80:128-n8:16:32:64-S128"
target triple = "x86_64-unknown-linux-gnu"
@a = global i32 0
define i32 @fac(i32 %n) {
0:
	%1 = alloca i32
	%2 = alloca i32
	store i32 %n, i32* %2
	%3 = load i32, i32* %2
	%4 = icmp eq i32 %3, 0
	br i1 %4, label %5, label %6
5:
	store i32 1, i32* %1
	br label %12
6:
	%7 = load i32, i32* %2
	%8 = load i32, i32* %2
	%9 = sub i32 %8, 1
	%10 = call i32 @fac(i32 %9)
	%11 = mul i32 %7, %10
	store i32 %11, i32* %1
	br label %12
12:
	%13 = load i32, i32* %1
	ret i32 %13
}
define i32 @main() {
0:
	%1 = call i32 @getint()
	store i32 %1, i32* @a
	%2 = load i32, i32* @a
	%3 = call i32 @fac(i32 %2)
	call void @putint(i32 %3)
	ret i32 0
}
declare i32 @getint()
declare void @putint(i32)
