define i32 @shl_1() {
; <label>:0
	ret i32 shl (i32 21, i32 1)
}

define i32 @lshr_1() {
; <label>:0
	ret i32 lshr (i32 84, i32 1)
}

define i32 @ashr_1() {
; <label>:0
	ret i32 ashr (i32 84, i32 1)
}

define i32 @and_1() {
; <label>:0
	ret i32 and (i32 58, i32 239)
}

define i32 @or_1() {
; <label>:0
	ret i32 or (i32 10, i32 32)
}

define i32 @xor_1() {
; <label>:0
	ret i32 xor (i32 255, i32 213)
}
