@x = constant i8 0

define i8 @trunc_1() {
; <label>:0
	ret i8 trunc (i32 298 to i8)
}

define i32 @zext_1() {
; <label>:0
	ret i32 zext (i8 42 to i32)
}

define i32 @sext_1() {
; <label>:0
	ret i32 sext (i8 -42 to i32)
}

define float @fptrunc_1() {
; <label>:0
	ret float fptrunc (double 42.0 to float)
}

define double @fpext_1() {
; <label>:0
	ret double fpext (float 42.0 to double)
}

define i32 @fptoui_1() {
; <label>:0
	ret i32 fptoui (double 42.0 to i32)
}

define i32 @fptosi_1() {
; <label>:0
	ret i32 fptosi (double -42.0 to i32)
}

define double @uitofp_1() {
; <label>:0
	ret double uitofp (i32 42 to double)
}

define double @sitofp_1() {
; <label>:0
	ret double sitofp (i32 -42 to double)
}

define i64 @ptrtoint_1() {
; <label>:0
	ret i64 ptrtoint (i8* null to i64)
}

define i64 @ptrtoint_2() {
; <label>:0
	ret i64 ptrtoint (i8* @x to i64)
}

define void @f() {
; <label>:0
	ret void
}

define i64 @ptrtoint_3() {
; <label>:0
	ret i64 ptrtoint (void ()* @f to i64)
}

define i8* @inttoptr_1() {
; <label>:0
	ret i8* inttoptr (i32 0 to i8*)
}

define <4 x i8> @bitcast_1() {
; <label>:0
	ret <4 x i8> bitcast (i32 707406378 to <4 x i8>)
}

define i8 addrspace(2)* @addrspacecast_1() {
; <label>:0
	ret i8 addrspace(2)* addrspacecast (i8 addrspace(1)* null to i8 addrspace(2)*)
}
