define i32 @add_1() {
; <label>:0
	ret i32 add (i32 30, i32 12)
}

define double @fadd_1() {
; <label>:0
	ret double fadd (double 30.0, double 12.0)
}

define i32 @sub_1() {
; <label>:0
	ret i32 sub (i32 50, i32 8)
}

define double @fsub_1() {
; <label>:0
	ret double fsub (double 50.0, double 8.0)
}

define i32 @mul_1() {
; <label>:0
	ret i32 mul (i32 21, i32 2)
}

define double @fmul_1() {
; <label>:0
	ret double fmul (double 21.0, double 2.0)
}

define i32 @udiv_1() {
; <label>:0
	ret i32 udiv (i32 84, i32 2)
}

define i32 @sdiv_1() {
; <label>:0
	ret i32 sdiv (i32 -84, i32 -2)
}

define double @fdiv_1() {
; <label>:0
	ret double fdiv (double 84.0, double 2.0)
}

define i32 @urem_1() {
; <label>:0
	ret i32 urem (i32 85, i32 43)
}

define i32 @srem_1() {
; <label>:0
	ret i32 srem (i32 85, i32 -43)
}

define double @frem_1() {
; <label>:0
	ret double frem (double 85.0, double 43.0)
}
