declare void @f1()

declare !baz !{!"qux"} !foo !{!"bar"} void @f2()

declare void @f3()

declare void @f4()

declare void @f5()

declare void @f6()

declare void @f7()

declare void @f8()

declare void @f9()

declare amdgpu_cs void @f10()

declare amdgpu_gs void @f11()

declare amdgpu_kernel void @f12()

declare amdgpu_ps void @f13()

declare amdgpu_vs void @f14()

declare anyregcc void @f15()

declare arm_aapcs_vfpcc void @f16()

declare arm_aapcscc void @f17()

declare arm_apcscc void @f18()

declare avr_intrcc void @f19()

declare avr_signalcc void @f20()

declare ccc void @f21()

declare ccc void @f22()

declare coldcc void @f23()

declare cxx_fast_tlscc void @f24()

declare fastcc void @f25()

declare ghccc void @f26()

declare hhvm_ccc void @f27()

declare hhvmcc void @f28()

declare intel_ocl_bicc void @f29()

declare msp430_intrcc void @f30()

declare preserve_allcc void @f31()

declare preserve_mostcc void @f32()

declare ptx_device void @f33()

declare ptx_kernel void @f34()

declare spir_func void @f35()

declare spir_kernel void @f36()

declare swiftcc void @f37()

declare webkit_jscc void @f38()

declare x86_64_sysvcc void @f39()

declare x86_64_win64cc void @f40()

declare x86_fastcallcc void @f41()

declare x86_intrcc void @f42()

declare x86_regcallcc void @f43()

declare x86_stdcallcc void @f44()

declare x86_thiscallcc void @f45()

declare x86_vectorcallcc void @f46()

declare i32 @f47()

declare i32 ()* @f48()

declare i32 @f49()

declare i32 @f50()

declare void @f51()

declare void @f52(i32)

declare void @f53(i32 %x)

declare void @f54(i32, i32)

declare void @f55(i32, i32 %y)

declare void @f56(i32 %x, i32)

declare void @f57(i32 %x, i32 %y)

declare void @f58(...)

declare void @f59(i32, ...)

declare void @f60(i32 %x, ...)

declare void @f61(i32, i32, ...)

declare void @f62(i32, i32 %y, ...)

declare void @f63(i32 %x, i32, ...)

declare void @f64(i32 %x, i32 %y, ...)

declare void @f65(i32 %x)

declare void @f66()

declare void @f67()

declare void @f68()

declare void @f69()

declare void @f70()

declare void @f71()

declare void @f72()

declare void @f73()

declare void @f74()

declare void @f75()

declare void @f76()

declare !baz !{!"qux"} !foo !{!"bar"} ccc i32 @f77(i32 %x, i32 %y, ...)

define void @f78() {
; <label>:0
	ret void
}

define void @f80() {
; <label>:0
	ret void
}

define void @f82() {
; <label>:0
	ret void
}

define void @f83() {
; <label>:0
	ret void
}

define void @f84() {
; <label>:0
	ret void
}

define void @f85() {
; <label>:0
	ret void
}

define void @f86() {
; <label>:0
	ret void
}

define void @f87() {
; <label>:0
	ret void
}

define void @f88() !baz !{!"qux"} !foo !{!"bar"} {
; <label>:0
	ret void
}

define ccc i32 @f89(i32 %x, i32 %y, ...) !baz !{!"qux"} !foo !{!"bar"} {
; <label>:0
	ret i32 42
}
