define i32 @extractelement_1() {
; <label>:0
	%result = extractelement <2 x i32> <i32 21, i32 42>, i32 1
	ret i32 %result
}

define i32 @extractelement_2() {
; <label>:0
	%result = extractelement <2 x i32> <i32 21, i32 42>, i32 1, !baz !{!"qux"}, !foo !{!"bar"}
	ret i32 %result
}

define <2 x i32> @insertelement_1() {
; <label>:0
	%result = insertelement <2 x i32> <i32 21, i32 42>, i32 42, i32 0
	ret <2 x i32> %result
}

define <2 x i32> @insertelement_2() {
; <label>:0
	%result = insertelement <2 x i32> <i32 21, i32 42>, i32 42, i32 0, !baz !{!"qux"}, !foo !{!"bar"}
	ret <2 x i32> %result
}

define <2 x i32> @shufflevector_1() {
; <label>:0
	%result = shufflevector <2 x i32> <i32 21, i32 42>, <2 x i32> <i32 42, i32 84>, <2 x i32> <i32 1, i32 2>
	ret <2 x i32> %result
}

define <2 x i32> @shufflevector_2() {
; <label>:0
	%result = shufflevector <2 x i32> <i32 21, i32 42>, <2 x i32> <i32 42, i32 84>, <2 x i32> <i32 1, i32 2>, !baz !{!"qux"}, !foo !{!"bar"}
	ret <2 x i32> %result
}
