define i32 @extractvalue_1() {
; <label>:0
	%result = extractvalue { i8, i32 } { i8 21, i32 42 }, 1
	ret i32 %result
}

define i32 @extractvalue_2() {
; <label>:0
	%result = extractvalue { i32, { [2 x i32], i8 } } { i32 0, { [2 x i32], i8 } { [2 x i32] [i32 100, i32 42], i8 11 } }, 1, 0, 1
	ret i32 %result
}

define i32 @extractvalue_3() {
; <label>:0
	%result = extractvalue { i8, i32 } { i8 21, i32 42 }, 1, !baz !{!"qux"}, !foo !{!"bar"}
	ret i32 %result
}

define { i32, i32 } @insertvalue_1() {
; <label>:0
	%result = insertvalue { i32, i32 } { i32 21, i32 42 }, i32 42, 0
	ret { i32, i32 } %result
}

define { i32, { [2 x i32], i32 } } @insertvalue_2() {
; <label>:0
	%result = insertvalue { i32, { [2 x i32], i32 } } { i32 42, { [2 x i32], i32 } { [2 x i32] [i32 100, i32 42], i32 42 } }, i32 42, 1, 0, 0
	ret { i32, { [2 x i32], i32 } } %result
}

define { i32, i32 } @insertvalue_3() {
; <label>:0
	%result = insertvalue { i32, i32 } { i32 21, i32 42 }, i32 42, 0, !baz !{!"qux"}, !foo !{!"bar"}
	ret { i32, i32 } %result
}
