target datalayout = "e"
target triple = "x86_64-unknown-linux"

%t1 = type i32

%t2 = type opaque

@g1 = external global i32

@g2 = global i32 0

declare void @exit(i32 %staus)

declare i32 @printf(i8*, ...)

define void @f1() {
; <label>:0
	ret void
}

define i32 @f2(i32 %x, i32 %y) {
; <label>:0
	ret i32 42
}

!foo = !{!0}

!0 = !{!"foo"}
