target datalayout = "e-m:e-i64:64-f80:128-n8:16:32:64-S128"
target triple = "x86_64-unknown-linux-gnu"
define i32 @fac(i32 %n) {
0:
	%1 = alloca i32
	%2 = alloca i32
	%i = alloca i32
	%p = alloca i32
	store i32 %n, i32* %2
	%3 = load i32, i32* %2
	%4 = icmp slt i32 %3, 0
	br i1 %4, label %5, label %6
5:
	store i32 0, i32* %1
	br label %19
6:
	store i32 0, i32* %i
	store i32 1, i32* %p
	br label %7
7:
	%8 = load i32, i32* %i
	%9 = load i32, i32* %2
	%10 = icmp slt i32 %8, %9
	br i1 %10, label %11, label %17
11:
	%12 = load i32, i32* %i
	%13 = add i32 %12, 1
	store i32 %13, i32* %i
	%14 = load i32, i32* %p
	%15 = load i32, i32* %i
	%16 = mul i32 %14, %15
	store i32 %16, i32* %p
	br label %7
17:
	%18 = load i32, i32* %p
	store i32 %18, i32* %1
	br label %19
19:
	%20 = load i32, i32* %1
	ret i32 %20
}
define i32 @main() {
0:
	%1 = call i32 @fac(i32 5)
	ret i32 0
}
