target datalayout = "e-m:e-i64:64-f80:128-n8:16:32:64-S128"
target triple = "x86_64-unknown-linux-gnu"
@max = global i32 0
@notprime = global [1001 x i8] zeroinitializer
define i32 @main() {
0:
	%1 = alloca i32
	%i = alloca i32
	%j = alloca i32
	%cr = alloca [2 x i8]
	%space = alloca [2 x i8]
	store i32 0, i32* %1
	%2 = getelementptr [2 x i8], [2 x i8]* %cr, i32 0, i64 0
	store i8 10, i8* %2
	%3 = getelementptr [2 x i8], [2 x i8]* %cr, i32 0, i64 1
	store i8 0, i8* %3
	%4 = getelementptr [2 x i8], [2 x i8]* %space, i32 0, i64 0
	store i8 32, i8* %4
	%5 = getelementptr [2 x i8], [2 x i8]* %space, i32 0, i64 1
	store i8 0, i8* %5
	store i32 1001, i32* @max
	store i32 2, i32* %i
	br label %6
6:
	%7 = load i32, i32* %i
	%8 = load i32, i32* @max
	%9 = icmp slt i32 %7, %8
	br i1 %9, label %10, label %35
10:
	%11 = load i32, i32* %i
	%12 = sext i32 %11 to i64
	%13 = getelementptr [1001 x i8], [1001 x i8]* @notprime, i32 0, i64 %12
	%14 = load i8, i8* %13
	%15 = icmp ne i8 %14, 0
	br i1 %15, label %32, label %16
16:
	%17 = load i32, i32* %i
	%18 = load i32, i32* %i
	%19 = add i32 %17, %18
	store i32 %19, i32* %j
	br label %20
20:
	%21 = load i32, i32* %j
	%22 = load i32, i32* @max
	%23 = icmp slt i32 %21, %22
	br i1 %23, label %24, label %31
24:
	%25 = load i32, i32* %j
	%26 = sext i32 %25 to i64
	%27 = getelementptr [1001 x i8], [1001 x i8]* @notprime, i32 0, i64 %26
	store i8 1, i8* %27
	%28 = load i32, i32* %j
	%29 = load i32, i32* %i
	%30 = add i32 %28, %29
	store i32 %30, i32* %j
	br label %20
31:
	br label %32
32:
	%33 = load i32, i32* %i
	%34 = add i32 %33, 1
	store i32 %34, i32* %i
	br label %6
35:
	store i32 2, i32* %i
	br label %36
36:
	%37 = load i32, i32* %i
	%38 = add i32 %37, 10
	%39 = load i32, i32* @max
	%40 = icmp slt i32 %38, %39
	br i1 %40, label %41, label %64
41:
	%42 = load i32, i32* %i
	store i32 %42, i32* %j
	%43 = getelementptr [2 x i8], [2 x i8]* %cr, i32 0, i32 0
	call void @putstring(i8* %43)
	br label %44
44:
	%45 = load i32, i32* %j
	%46 = load i32, i32* %i
	%47 = add i32 %46, 10
	%48 = icmp slt i32 %45, %47
	br i1 %48, label %49, label %61
49:
	%50 = load i32, i32* %j
	%51 = sext i32 %50 to i64
	%52 = getelementptr [1001 x i8], [1001 x i8]* @notprime, i32 0, i64 %51
	%53 = load i8, i8* %52
	%54 = icmp ne i8 %53, 0
	br i1 %54, label %58, label %55
55:
	%56 = load i32, i32* %j
	call void @putint(i32 %56)
	%57 = getelementptr [2 x i8], [2 x i8]* %space, i32 0, i32 0
	call void @putstring(i8* %57)
	br label %58
58:
	%59 = load i32, i32* %j
	%60 = add i32 %59, 1
	store i32 %60, i32* %j
	br label %44
61:
	%62 = load i32, i32* %i
	%63 = add i32 %62, 10
	store i32 %63, i32* %i
	br label %36
64:
	%65 = load i32, i32* %1
	ret i32 %65
}
declare void @putstring(i8*)
declare void @putint(i32)
